=== Job started: Wed Sep 23 09:29:02 PM UTC 2026 ===
=== Node: x3111c0s13b0n0 ===
[INFO] conda module: conda/2025-09-28
[INFO] CUDA 12.9 libs: /opt/nvidia/hpc_sdk/Linux_x86_64/25.9/cuda/12.9/targets/x86_64-linux/lib:/opt/nvidia/hpc_sdk/Linux_x86_64/25.9/cuda/12.9/extras/CUPTI/lib64:/opt/nvidia/hpc_sdk/Linux_x86_64/25.9/math_libs/12.9/targets/x86_64-linux/lib:/opt/nvidia/hpc_sdk/Linux_x86_64/25.9/math_libs/12.9/lib64
[INFO] CUDA 13.0 runtime (for GTL): /opt/nvidia/hpc_sdk/Linux_x86_64/25.9/cuda/13.0/targets/x86_64-linux/lib
[INFO] MPI_HOME: /opt/cray/pe/mpich/default/ofi/gnu/12.3 -> /opt/cray/pe/mpich/9.1.0/ofi/gnu/12.3
[INFO] GTL and PyTorch dependencies all resolve.
[INFO] GTL_LIB=/opt/cray/pe/mpich/default/ofi/gnu/12.3/lib/libmpi_gtl_cuda.so.0 (preloaded only in MPI ranks via gpu_wrapper.sh)
=============================================
  Polaris DDP + Eagle PyTorch + Cray MPICH
=============================================
Node              : x3111c0s13b0n0
conda module      : conda/2025-09-28
ZFP_HOME          : /home/mrest/mpiAllReduceCompressed/zfp-install
MPI_HOME          : /opt/cray/pe/mpich/default/ofi/gnu/12.3
GTL_LIB           : /opt/cray/pe/mpich/default/ofi/gnu/12.3/lib/libmpi_gtl_cuda.so.0

Python            : /soft/applications/conda/2025-09-28/mconda3/bin/python
PyTorch version   : 2.8.0a0+gitba56102
PyTorch location  : /lus/eagle/projects/UIC-HPC/mrest/pytorch_mpi_build/src/pytorch/torch/__init__.py
CUDA available    : True 4
CUDA built with   : 12.9
MPI available     : True
mpi4py            : MPI VERSION    : CRAY MPICH version 9.1.0.794 (ANL base 4.3.0a1)
=============================================
MASTER_ADDR=x3111c0s13b0n0.hsn.cm.polaris.alcf.anl.gov
MASTER_PORT=29500
=== Starting diagnostic: ranks=8, ppn=4, zfp_rate=8, trials=30 at Wed Sep 23 09:29:27 PM UTC 2026 ===
[API] n=6553600 rate=8.0 max_bytes=6553624 expected_bits=52428800 (= 6553600 bytes)
[API] compress_into returned               6553600
[API] compress_into_current_stream returned 6553600  -> online code treats this as BITS
[API] both APIs produced identical payload: True

=== AS IS | ws=8 rate=8.0 n=6553600 trials=30 ===
algorithm                 rel_err mean  rel_err max      xrank  stale
ring_zfp_naive               7.584e-02    7.975e-02  2.627e-02      0
ring_zfp_online_coll         9.279e-01    9.472e-01  5.465e-01      1
rd_zfp_naive                 6.180e-02    6.753e-02  5.374e-02      0
rd_zfp_online_coll           8.777e-01    9.043e-01  9.536e-01      0

=== AS IS | ws=8 rate=8.0 n=1000003 trials=30 ===
algorithm                 rel_err mean  rel_err max      xrank  stale
ring_zfp_naive               7.668e-02    8.736e-02  2.601e-02      0
ring_zfp_online_coll         9.463e-01    1.197e+00  4.605e-01      3
rd_zfp_naive                 6.287e-02    6.916e-02  5.211e-02      0
rd_zfp_online_coll           8.845e-01    9.295e-01  9.607e-01      1

=== FORCED DEVICE SYNC AROUND ZFP | ws=8 rate=8.0 n=6553600 trials=30 ===
algorithm                 rel_err mean  rel_err max      xrank  stale
ring_zfp_naive               7.584e-02    7.975e-02  2.627e-02      0
ring_zfp_online_coll         9.279e-01    9.472e-01  5.465e-01      1
rd_zfp_naive                 6.180e-02    6.753e-02  5.374e-02      0
rd_zfp_online_coll           8.777e-01    9.043e-01  9.536e-01      0

=== FORCED DEVICE SYNC AROUND ZFP | ws=8 rate=8.0 n=1000003 trials=30 ===
algorithm                 rel_err mean  rel_err max      xrank  stale
ring_zfp_naive               7.668e-02    8.736e-02  2.601e-02      0
ring_zfp_online_coll         9.463e-01    1.197e+00  4.605e-01      3
rd_zfp_naive                 6.287e-02    6.916e-02  5.211e-02      0
rd_zfp_online_coll           8.845e-01    9.295e-01  9.607e-01      1

=== Finished diagnostic: ranks=8, zfp_rate=8, status=0 at Wed Sep 23 09:29:42 PM UTC 2026 ===
=== Starting diagnostic: ranks=8, ppn=4, zfp_rate=16, trials=30 at Wed Sep 23 09:29:42 PM UTC 2026 ===
[API] n=6553600 rate=16.0 max_bytes=13107224 expected_bits=104857600 (= 13107200 bytes)
[API] compress_into returned               13107200
[API] compress_into_current_stream returned 13107200  -> online code treats this as BITS
[API] both APIs produced identical payload: True

=== AS IS | ws=8 rate=16.0 n=6553600 trials=30 ===
algorithm                 rel_err mean  rel_err max      xrank  stale
ring_zfp_naive               6.350e-04    6.593e-04  1.610e-04      0
ring_zfp_online_coll         9.275e-01    9.468e-01  5.465e-01      1
rd_zfp_naive                 3.086e-04    3.461e-04  4.042e-04      0
rd_zfp_online_coll           8.774e-01    9.041e-01  9.536e-01      0

=== AS IS | ws=8 rate=16.0 n=1000003 trials=30 ===
algorithm                 rel_err mean  rel_err max      xrank  stale
ring_zfp_naive               6.271e-04    7.406e-04  1.583e-04      0
ring_zfp_online_coll         9.333e-01    9.731e-01  4.501e-01      3
rd_zfp_naive                 3.065e-04    3.793e-04  3.956e-04      0
rd_zfp_online_coll           8.843e-01    9.293e-01  9.607e-01      1

=== FORCED DEVICE SYNC AROUND ZFP | ws=8 rate=16.0 n=6553600 trials=30 ===
algorithm                 rel_err mean  rel_err max      xrank  stale
ring_zfp_naive               6.350e-04    6.593e-04  1.610e-04      0
ring_zfp_online_coll         9.275e-01    9.468e-01  5.465e-01      1
rd_zfp_naive                 3.086e-04    3.461e-04  4.042e-04      0
rd_zfp_online_coll           8.774e-01    9.041e-01  9.536e-01      0

=== FORCED DEVICE SYNC AROUND ZFP | ws=8 rate=16.0 n=1000003 trials=30 ===
algorithm                 rel_err mean  rel_err max      xrank  stale
ring_zfp_naive               6.271e-04    7.406e-04  1.583e-04      0
ring_zfp_online_coll         9.333e-01    9.731e-01  4.501e-01      3
rd_zfp_naive                 3.065e-04    3.793e-04  3.956e-04      0
rd_zfp_online_coll           8.843e-01    9.293e-01  9.607e-01      1

=== Finished diagnostic: ranks=8, zfp_rate=16, status=0 at Wed Sep 23 09:29:53 PM UTC 2026 ===
=== Starting diagnostic: ranks=16, ppn=4, zfp_rate=8, trials=30 at Wed Sep 23 09:29:53 PM UTC 2026 ===
[API] n=6553600 rate=8.0 max_bytes=6553624 expected_bits=52428800 (= 6553600 bytes)
[API] compress_into returned               6553600
[API] compress_into_current_stream returned 6553600  -> online code treats this as BITS
[API] both APIs produced identical payload: True

=== AS IS | ws=16 rate=8.0 n=6553600 trials=30 ===
algorithm                 rel_err mean  rel_err max      xrank  stale
ring_zfp_naive               9.275e-02    9.606e-02  1.747e-02      0
ring_zfp_online_coll         9.335e-01    9.488e-01  4.532e-01      1
rd_zfp_naive                 6.911e-02    7.198e-02  4.727e-02      0
rd_zfp_online_coll           9.035e-01    9.316e-01  8.943e-01      0

=== AS IS | ws=16 rate=8.0 n=1000003 trials=30 ===
algorithm                 rel_err mean  rel_err max      xrank  stale
ring_zfp_naive               9.222e-02    9.834e-02  1.655e-02      0
ring_zfp_online_coll         9.375e-01    9.659e-01  3.981e-01      6
rd_zfp_naive                 6.875e-02    7.421e-02  5.188e-02      0
rd_zfp_online_coll           9.162e-01    9.591e-01  9.986e-01      3

=== FORCED DEVICE SYNC AROUND ZFP | ws=16 rate=8.0 n=6553600 trials=30 ===
algorithm                 rel_err mean  rel_err max      xrank  stale
ring_zfp_naive               9.275e-02    9.606e-02  1.747e-02      0
ring_zfp_online_coll         9.335e-01    9.488e-01  4.532e-01      1
rd_zfp_naive                 6.911e-02    7.198e-02  4.727e-02      0
rd_zfp_online_coll           9.035e-01    9.316e-01  8.943e-01      0

=== FORCED DEVICE SYNC AROUND ZFP | ws=16 rate=8.0 n=1000003 trials=30 ===
algorithm                 rel_err mean  rel_err max      xrank  stale
ring_zfp_naive               9.222e-02    9.834e-02  1.655e-02      0
ring_zfp_online_coll         9.375e-01    9.659e-01  3.981e-01      6
rd_zfp_naive                 6.875e-02    7.421e-02  5.188e-02      0
rd_zfp_online_coll           9.162e-01    9.591e-01  9.986e-01      3

=== Finished diagnostic: ranks=16, zfp_rate=8, status=0 at Wed Sep 23 09:30:11 PM UTC 2026 ===
=== Starting diagnostic: ranks=16, ppn=4, zfp_rate=16, trials=30 at Wed Sep 23 09:30:11 PM UTC 2026 ===
[API] n=6553600 rate=16.0 max_bytes=13107224 expected_bits=104857600 (= 13107200 bytes)
[API] compress_into returned               13107200
[API] compress_into_current_stream returned 13107200  -> online code treats this as BITS
[API] both APIs produced identical payload: True

=== AS IS | ws=16 rate=16.0 n=6553600 trials=30 ===
algorithm                 rel_err mean  rel_err max      xrank  stale
ring_zfp_naive               1.068e-03    1.122e-03  1.263e-04      0
ring_zfp_online_coll         9.329e-01    9.483e-01  4.532e-01      1
rd_zfp_naive                 3.736e-04    4.451e-04  4.825e-04      0
rd_zfp_online_coll           9.031e-01    9.314e-01  8.943e-01      0

=== AS IS | ws=16 rate=16.0 n=1000003 trials=30 ===
algorithm                 rel_err mean  rel_err max      xrank  stale
ring_zfp_naive               1.056e-03    1.160e-03  1.392e-04      0
ring_zfp_online_coll         3.435e+01    1.516e+02  5.495e+01      6
rd_zfp_naive                 3.681e-04    4.578e-04  4.919e-04      0
rd_zfp_online_coll           9.159e-01    9.590e-01  9.986e-01      3

=== FORCED DEVICE SYNC AROUND ZFP | ws=16 rate=16.0 n=6553600 trials=30 ===
algorithm                 rel_err mean  rel_err max      xrank  stale
ring_zfp_naive               1.068e-03    1.122e-03  1.263e-04      0
ring_zfp_online_coll         9.329e-01    9.483e-01  4.532e-01      1
rd_zfp_naive                 3.736e-04    4.451e-04  4.825e-04      0
rd_zfp_online_coll           9.031e-01    9.314e-01  8.943e-01      0

=== FORCED DEVICE SYNC AROUND ZFP | ws=16 rate=16.0 n=1000003 trials=30 ===
algorithm                 rel_err mean  rel_err max      xrank  stale
ring_zfp_naive               1.056e-03    1.160e-03  1.392e-04      0
ring_zfp_online_coll         3.435e+01    1.516e+02  5.495e+01      6
rd_zfp_naive                 3.681e-04    4.578e-04  4.919e-04      0
rd_zfp_online_coll           9.159e-01    9.590e-01  9.986e-01      3

=== Finished diagnostic: ranks=16, zfp_rate=16, status=0 at Wed Sep 23 09:30:24 PM UTC 2026 ===
=== Job finished: Wed Sep 23 09:30:24 PM UTC 2026 (overall status=0) ===
=== Job started: Wed Sep 23 09:34:57 PM UTC 2026 ===
=== Node: x3112c0s1b0n0 ===
[INFO] conda module: conda/2025-09-28
[INFO] CUDA 12.9 libs: /opt/nvidia/hpc_sdk/Linux_x86_64/25.9/cuda/12.9/targets/x86_64-linux/lib:/opt/nvidia/hpc_sdk/Linux_x86_64/25.9/cuda/12.9/extras/CUPTI/lib64:/opt/nvidia/hpc_sdk/Linux_x86_64/25.9/math_libs/12.9/targets/x86_64-linux/lib:/opt/nvidia/hpc_sdk/Linux_x86_64/25.9/math_libs/12.9/lib64
[INFO] CUDA 13.0 runtime (for GTL): /opt/nvidia/hpc_sdk/Linux_x86_64/25.9/cuda/13.0/targets/x86_64-linux/lib
[INFO] MPI_HOME: /opt/cray/pe/mpich/default/ofi/gnu/12.3 -> /opt/cray/pe/mpich/9.1.0/ofi/gnu/12.3
[INFO] GTL and PyTorch dependencies all resolve.
[INFO] GTL_LIB=/opt/cray/pe/mpich/default/ofi/gnu/12.3/lib/libmpi_gtl_cuda.so.0 (preloaded only in MPI ranks via gpu_wrapper.sh)
=============================================
  Polaris DDP + Eagle PyTorch + Cray MPICH
=============================================
Node              : x3112c0s1b0n0
conda module      : conda/2025-09-28
ZFP_HOME          : /home/mrest/mpiAllReduceCompressed/zfp-install
MPI_HOME          : /opt/cray/pe/mpich/default/ofi/gnu/12.3
GTL_LIB           : /opt/cray/pe/mpich/default/ofi/gnu/12.3/lib/libmpi_gtl_cuda.so.0

Python            : /soft/applications/conda/2025-09-28/mconda3/bin/python
PyTorch version   : 2.8.0a0+gitba56102
PyTorch location  : /lus/eagle/projects/UIC-HPC/mrest/pytorch_mpi_build/src/pytorch/torch/__init__.py
CUDA available    : True 4
CUDA built with   : 12.9
MPI available     : True
mpi4py            : MPI VERSION    : CRAY MPICH version 9.1.0.794 (ANL base 4.3.0a1)
=============================================
MASTER_ADDR=x3112c0s1b0n0.hsn.cm.polaris.alcf.anl.gov
MASTER_PORT=29500
=== Starting diagnostic: ranks=8, ppn=4, zfp_rate=8, trials=30 at Wed Sep 23 09:35:11 PM UTC 2026 ===
[API] n=6553600 rate=8.0 max_bytes=6553624 expected_bits=52428800 (= 6553600 bytes)
[API] compress_into returned               6553600
[API] compress_into_current_stream returned 6553600  (expected 6553600 if BYTES)
[API] both APIs produced identical payload: True

=== AS IS | ws=8 rate=8.0 n=6553600 trials=30 ===
algorithm                 rel_err mean  rel_err max      xrank  stale
ring_zfp_naive               7.584e-02    7.975e-02  2.627e-02      0
ring_zfp_online_coll         7.573e-02    7.919e-02  3.158e-02      0
rd_zfp_naive                 6.180e-02    6.753e-02  5.374e-02      0
rd_zfp_online_coll           6.180e-02    6.753e-02  5.374e-02      0

=== AS IS | ws=8 rate=8.0 n=1000003 trials=30 ===
algorithm                 rel_err mean  rel_err max      xrank  stale
ring_zfp_naive               7.668e-02    8.736e-02  2.601e-02      0
ring_zfp_online_coll         7.658e-02    8.724e-02  2.217e-02      0
rd_zfp_naive                 6.287e-02    6.916e-02  5.211e-02      0
rd_zfp_online_coll           6.287e-02    6.916e-02  5.211e-02      0

=== FORCED DEVICE SYNC AROUND ZFP | ws=8 rate=8.0 n=6553600 trials=30 ===
algorithm                 rel_err mean  rel_err max      xrank  stale
ring_zfp_naive               7.584e-02    7.975e-02  2.627e-02      0
ring_zfp_online_coll         7.573e-02    7.919e-02  3.158e-02      0
rd_zfp_naive                 6.180e-02    6.753e-02  5.374e-02      0
rd_zfp_online_coll           6.180e-02    6.753e-02  5.374e-02      0

=== FORCED DEVICE SYNC AROUND ZFP | ws=8 rate=8.0 n=1000003 trials=30 ===
algorithm                 rel_err mean  rel_err max      xrank  stale
ring_zfp_naive               7.668e-02    8.736e-02  2.601e-02      0
ring_zfp_online_coll         7.658e-02    8.724e-02  2.217e-02      0
rd_zfp_naive                 6.287e-02    6.916e-02  5.211e-02      0
rd_zfp_online_coll           6.287e-02    6.916e-02  5.211e-02      0

=== Finished diagnostic: ranks=8, zfp_rate=8, status=0 at Wed Sep 23 09:35:21 PM UTC 2026 ===
=== Starting diagnostic: ranks=8, ppn=4, zfp_rate=16, trials=30 at Wed Sep 23 09:35:21 PM UTC 2026 ===
[API] n=6553600 rate=16.0 max_bytes=13107224 expected_bits=104857600 (= 13107200 bytes)
[API] compress_into returned               13107200
[API] compress_into_current_stream returned 13107200  (expected 13107200 if BYTES)
[API] both APIs produced identical payload: True

=== AS IS | ws=8 rate=16.0 n=6553600 trials=30 ===
algorithm                 rel_err mean  rel_err max      xrank  stale
ring_zfp_naive               6.350e-04    6.593e-04  1.610e-04      0
ring_zfp_online_coll         6.329e-04    6.606e-04  1.752e-04      0
rd_zfp_naive                 3.086e-04    3.461e-04  4.042e-04      0
rd_zfp_online_coll           3.086e-04    3.461e-04  4.042e-04      0

=== AS IS | ws=8 rate=16.0 n=1000003 trials=30 ===
algorithm                 rel_err mean  rel_err max      xrank  stale
ring_zfp_naive               6.271e-04    7.406e-04  1.583e-04      0
ring_zfp_online_coll         6.297e-04    7.512e-04  1.609e-04      0
rd_zfp_naive                 3.065e-04    3.793e-04  3.956e-04      0
rd_zfp_online_coll           3.065e-04    3.793e-04  3.956e-04      0

=== FORCED DEVICE SYNC AROUND ZFP | ws=8 rate=16.0 n=6553600 trials=30 ===
algorithm                 rel_err mean  rel_err max      xrank  stale
ring_zfp_naive               6.350e-04    6.593e-04  1.610e-04      0
ring_zfp_online_coll         6.329e-04    6.606e-04  1.752e-04      0
rd_zfp_naive                 3.086e-04    3.461e-04  4.042e-04      0
rd_zfp_online_coll           3.086e-04    3.461e-04  4.042e-04      0

=== FORCED DEVICE SYNC AROUND ZFP | ws=8 rate=16.0 n=1000003 trials=30 ===
algorithm                 rel_err mean  rel_err max      xrank  stale
ring_zfp_naive               6.271e-04    7.406e-04  1.583e-04      0
ring_zfp_online_coll         6.297e-04    7.512e-04  1.609e-04      0
rd_zfp_naive                 3.065e-04    3.793e-04  3.956e-04      0
rd_zfp_online_coll           3.065e-04    3.793e-04  3.956e-04      0

=== Finished diagnostic: ranks=8, zfp_rate=16, status=0 at Wed Sep 23 09:35:31 PM UTC 2026 ===
=== Starting diagnostic: ranks=16, ppn=4, zfp_rate=8, trials=30 at Wed Sep 23 09:35:31 PM UTC 2026 ===
[API] n=6553600 rate=8.0 max_bytes=6553624 expected_bits=52428800 (= 6553600 bytes)
[API] compress_into returned               6553600
[API] compress_into_current_stream returned 6553600  (expected 6553600 if BYTES)
[API] both APIs produced identical payload: True

=== AS IS | ws=16 rate=8.0 n=6553600 trials=30 ===
algorithm                 rel_err mean  rel_err max      xrank  stale
ring_zfp_naive               9.275e-02    9.606e-02  1.747e-02      0
ring_zfp_online_coll         9.266e-02    9.575e-02  2.436e-02      0
rd_zfp_naive                 6.911e-02    7.198e-02  4.727e-02      0
rd_zfp_online_coll           6.911e-02    7.198e-02  4.727e-02      0

=== AS IS | ws=16 rate=8.0 n=1000003 trials=30 ===
algorithm                 rel_err mean  rel_err max      xrank  stale
ring_zfp_naive               9.222e-02    9.834e-02  1.655e-02      0
ring_zfp_online_coll         9.211e-02    9.839e-02  2.343e-02      0
rd_zfp_naive                 6.875e-02    7.421e-02  5.188e-02      0
rd_zfp_online_coll           6.875e-02    7.421e-02  5.188e-02      0

=== FORCED DEVICE SYNC AROUND ZFP | ws=16 rate=8.0 n=6553600 trials=30 ===
algorithm                 rel_err mean  rel_err max      xrank  stale
ring_zfp_naive               9.275e-02    9.606e-02  1.747e-02      0
ring_zfp_online_coll         9.266e-02    9.575e-02  2.436e-02      0
rd_zfp_naive                 6.911e-02    7.198e-02  4.727e-02      0
rd_zfp_online_coll           6.911e-02    7.198e-02  4.727e-02      0

=== FORCED DEVICE SYNC AROUND ZFP | ws=16 rate=8.0 n=1000003 trials=30 ===
algorithm                 rel_err mean  rel_err max      xrank  stale
ring_zfp_naive               9.222e-02    9.834e-02  1.655e-02      0
ring_zfp_online_coll         9.211e-02    9.839e-02  2.343e-02      0
rd_zfp_naive                 6.875e-02    7.421e-02  5.188e-02      0
rd_zfp_online_coll           6.875e-02    7.421e-02  5.188e-02      0

=== Finished diagnostic: ranks=16, zfp_rate=8, status=0 at Wed Sep 23 09:35:43 PM UTC 2026 ===
=== Starting diagnostic: ranks=16, ppn=4, zfp_rate=16, trials=30 at Wed Sep 23 09:35:43 PM UTC 2026 ===
[API] n=6553600 rate=16.0 max_bytes=13107224 expected_bits=104857600 (= 13107200 bytes)
[API] compress_into returned               13107200
[API] compress_into_current_stream returned 13107200  (expected 13107200 if BYTES)
[API] both APIs produced identical payload: True

=== AS IS | ws=16 rate=16.0 n=6553600 trials=30 ===
algorithm                 rel_err mean  rel_err max      xrank  stale
ring_zfp_naive               1.068e-03    1.122e-03  1.263e-04      0
ring_zfp_online_coll         1.070e-03    1.128e-03  1.272e-04      0
rd_zfp_naive                 3.736e-04    4.451e-04  4.825e-04      0
rd_zfp_online_coll           3.736e-04    4.451e-04  4.825e-04      0

=== AS IS | ws=16 rate=16.0 n=1000003 trials=30 ===
algorithm                 rel_err mean  rel_err max      xrank  stale
ring_zfp_naive               1.056e-03    1.160e-03  1.392e-04      0
ring_zfp_online_coll         1.055e-03    1.190e-03  1.573e-04      0
rd_zfp_naive                 3.681e-04    4.578e-04  4.919e-04      0
rd_zfp_online_coll           3.681e-04    4.578e-04  4.919e-04      0

=== FORCED DEVICE SYNC AROUND ZFP | ws=16 rate=16.0 n=6553600 trials=30 ===
algorithm                 rel_err mean  rel_err max      xrank  stale
ring_zfp_naive               1.068e-03    1.122e-03  1.263e-04      0
ring_zfp_online_coll         1.070e-03    1.128e-03  1.272e-04      0
rd_zfp_naive                 3.736e-04    4.451e-04  4.825e-04      0
rd_zfp_online_coll           3.736e-04    4.451e-04  4.825e-04      0

=== FORCED DEVICE SYNC AROUND ZFP | ws=16 rate=16.0 n=1000003 trials=30 ===
algorithm                 rel_err mean  rel_err max      xrank  stale
ring_zfp_naive               1.056e-03    1.160e-03  1.392e-04      0
ring_zfp_online_coll         1.055e-03    1.190e-03  1.573e-04      0
rd_zfp_naive                 3.681e-04    4.578e-04  4.919e-04      0
rd_zfp_online_coll           3.681e-04    4.578e-04  4.919e-04      0

=== Finished diagnostic: ranks=16, zfp_rate=16, status=0 at Wed Sep 23 09:35:54 PM UTC 2026 ===
=== Job finished: Wed Sep 23 09:35:54 PM UTC 2026 (overall status=0) ===
=== Job started: Fri Sep 25 01:44:12 AM UTC 2026 ===
=== Node: x3001c0s25b1n0 ===
[INFO] conda module: conda/2025-09-28
[INFO] CUDA 12.9 libs: /opt/nvidia/hpc_sdk/Linux_x86_64/25.9/cuda/12.9/targets/x86_64-linux/lib:/opt/nvidia/hpc_sdk/Linux_x86_64/25.9/cuda/12.9/extras/CUPTI/lib64:/opt/nvidia/hpc_sdk/Linux_x86_64/25.9/math_libs/12.9/targets/x86_64-linux/lib:/opt/nvidia/hpc_sdk/Linux_x86_64/25.9/math_libs/12.9/lib64
[INFO] CUDA 13.0 runtime (for GTL): /opt/nvidia/hpc_sdk/Linux_x86_64/25.9/cuda/13.0/targets/x86_64-linux/lib
[INFO] MPI_HOME: /opt/cray/pe/mpich/default/ofi/gnu/12.3 -> /opt/cray/pe/mpich/9.1.0/ofi/gnu/12.3
[INFO] GTL and PyTorch dependencies all resolve.
[INFO] GTL_LIB=/opt/cray/pe/mpich/default/ofi/gnu/12.3/lib/libmpi_gtl_cuda.so.0 (preloaded only in MPI ranks via gpu_wrapper.sh)
=============================================
  Polaris DDP + Eagle PyTorch + Cray MPICH
=============================================
Node              : x3001c0s25b1n0
conda module      : conda/2025-09-28
ZFP_HOME          : /home/mrest/mpiAllReduceCompressed/zfp-install
MPI_HOME          : /opt/cray/pe/mpich/default/ofi/gnu/12.3
GTL_LIB           : /opt/cray/pe/mpich/default/ofi/gnu/12.3/lib/libmpi_gtl_cuda.so.0

Python            : /soft/applications/conda/2025-09-28/mconda3/bin/python
PyTorch version   : 2.8.0a0+gitba56102
PyTorch location  : /lus/eagle/projects/UIC-HPC/mrest/pytorch_mpi_build/src/pytorch/torch/__init__.py
CUDA available    : True 4
CUDA built with   : 12.9
MPI available     : True
mpi4py            : MPI VERSION    : CRAY MPICH version 9.1.0.794 (ANL base 4.3.0a1)
=============================================
MASTER_ADDR=x3001c0s25b1n0.hsn.cm.polaris.alcf.anl.gov
MASTER_PORT=29500
=== Starting diagnostic: ranks=8, ppn=4, zfp_rate=8, trials=30 at Fri Sep 25 01:44:45 AM UTC 2026 ===
[API] n=6553600 rate=8.0 max_bytes=6553624 expected_bits=52428800 (= 6553600 bytes)
[API] compress_into returned               6553600
[API] compress_into_current_stream returned 6553600  (expected 6553600 if BYTES)
[API] both APIs produced identical payload: True

=== AS IS | ws=8 rate=8.0 n=6553600 trials=30 ===
algorithm                 rel_err mean  rel_err max      xrank  stale      shrink
ring_zfp_naive               7.584e-02    7.975e-02  2.627e-02      0  +8.195e-03
ring_zfp_online_coll         7.654e-02    7.988e-02  0.000e+00      0  +8.375e-03
rd_zfp_naive                 6.180e-02    6.753e-02  5.374e-02      0  +6.235e-03
rd_zfp_online_coll           7.333e-02    7.700e-02  0.000e+00      0  +8.045e-03

=== AS IS | ws=8 rate=8.0 n=1000003 trials=30 ===
algorithm                 rel_err mean  rel_err max      xrank  stale      shrink
ring_zfp_naive               7.668e-02    8.736e-02  2.601e-02      0  +7.760e-03
ring_zfp_online_coll         7.730e-02    8.755e-02  0.000e+00      0  +7.828e-03
rd_zfp_naive                 6.287e-02    6.916e-02  5.211e-02      0  +4.561e-03
rd_zfp_online_coll           7.373e-02    7.839e-02  0.000e+00      0  +6.098e-03

=== FORCED DEVICE SYNC AROUND ZFP | ws=8 rate=8.0 n=6553600 trials=30 ===
algorithm                 rel_err mean  rel_err max      xrank  stale      shrink
ring_zfp_naive               7.584e-02    7.975e-02  2.627e-02      0  +8.195e-03
ring_zfp_online_coll         7.654e-02    7.988e-02  0.000e+00      0  +8.375e-03
rd_zfp_naive                 6.180e-02    6.753e-02  5.374e-02      0  +6.235e-03
rd_zfp_online_coll           7.333e-02    7.700e-02  0.000e+00      0  +8.045e-03

=== FORCED DEVICE SYNC AROUND ZFP | ws=8 rate=8.0 n=1000003 trials=30 ===
algorithm                 rel_err mean  rel_err max      xrank  stale      shrink
ring_zfp_naive               7.668e-02    8.736e-02  2.601e-02      0  +7.760e-03
ring_zfp_online_coll         7.730e-02    8.755e-02  0.000e+00      0  +7.828e-03
rd_zfp_naive                 6.287e-02    6.916e-02  5.211e-02      0  +4.561e-03
rd_zfp_online_coll           7.373e-02    7.839e-02  0.000e+00      0  +6.098e-03

=== Finished diagnostic: ranks=8, zfp_rate=8, status=0 at Fri Sep 25 01:45:00 AM UTC 2026 ===
=== Starting diagnostic: ranks=8, ppn=4, zfp_rate=16, trials=30 at Fri Sep 25 01:45:00 AM UTC 2026 ===
[API] n=6553600 rate=16.0 max_bytes=13107224 expected_bits=104857600 (= 13107200 bytes)
[API] compress_into returned               13107200
[API] compress_into_current_stream returned 13107200  (expected 13107200 if BYTES)
[API] both APIs produced identical payload: True

=== AS IS | ws=8 rate=16.0 n=6553600 trials=30 ===
algorithm                 rel_err mean  rel_err max      xrank  stale      shrink
ring_zfp_naive               6.350e-04    6.593e-04  1.610e-04      0  +8.775e-05
ring_zfp_online_coll         6.434e-04    6.701e-04  0.000e+00      0  +9.127e-05
rd_zfp_naive                 3.086e-04    3.461e-04  4.042e-04      0  +3.324e-05
rd_zfp_online_coll           4.653e-04    4.779e-04  0.000e+00      0  +6.219e-05

=== AS IS | ws=8 rate=16.0 n=1000003 trials=30 ===
algorithm                 rel_err mean  rel_err max      xrank  stale      shrink
ring_zfp_naive               6.271e-04    7.406e-04  1.583e-04      0  +9.136e-05
ring_zfp_online_coll         6.394e-04    7.574e-04  0.000e+00      0  +8.784e-05
rd_zfp_naive                 3.065e-04    3.793e-04  3.956e-04      0  +2.611e-05
rd_zfp_online_coll           4.531e-04    5.030e-04  0.000e+00      0  +4.943e-05

=== FORCED DEVICE SYNC AROUND ZFP | ws=8 rate=16.0 n=6553600 trials=30 ===
algorithm                 rel_err mean  rel_err max      xrank  stale      shrink
ring_zfp_naive               6.350e-04    6.593e-04  1.610e-04      0  +8.775e-05
ring_zfp_online_coll         6.434e-04    6.701e-04  0.000e+00      0  +9.127e-05
rd_zfp_naive                 3.086e-04    3.461e-04  4.042e-04      0  +3.324e-05
rd_zfp_online_coll           4.653e-04    4.779e-04  0.000e+00      0  +6.219e-05

=== FORCED DEVICE SYNC AROUND ZFP | ws=8 rate=16.0 n=1000003 trials=30 ===
algorithm                 rel_err mean  rel_err max      xrank  stale      shrink
ring_zfp_naive               6.271e-04    7.406e-04  1.583e-04      0  +9.136e-05
ring_zfp_online_coll         6.394e-04    7.574e-04  0.000e+00      0  +8.784e-05
rd_zfp_naive                 3.065e-04    3.793e-04  3.956e-04      0  +2.611e-05
rd_zfp_online_coll           4.531e-04    5.030e-04  0.000e+00      0  +4.943e-05

=== Finished diagnostic: ranks=8, zfp_rate=16, status=0 at Fri Sep 25 01:45:10 AM UTC 2026 ===
=== Starting diagnostic: ranks=16, ppn=4, zfp_rate=8, trials=30 at Fri Sep 25 01:45:10 AM UTC 2026 ===
[API] n=6553600 rate=8.0 max_bytes=6553624 expected_bits=52428800 (= 6553600 bytes)
[API] compress_into returned               6553600
[API] compress_into_current_stream returned 6553600  (expected 6553600 if BYTES)
[API] both APIs produced identical payload: True

=== AS IS | ws=16 rate=8.0 n=6553600 trials=30 ===
algorithm                 rel_err mean  rel_err max      xrank  stale      shrink
ring_zfp_naive               9.275e-02    9.606e-02  1.747e-02      0  +1.028e-02
ring_zfp_online_coll         9.295e-02    9.602e-02  0.000e+00      0  +1.031e-02
rd_zfp_naive                 6.911e-02    7.198e-02  4.727e-02      0  +7.546e-03
rd_zfp_online_coll           8.456e-02    8.685e-02  0.000e+00      0  +9.612e-03

=== AS IS | ws=16 rate=8.0 n=1000003 trials=30 ===
algorithm                 rel_err mean  rel_err max      xrank  stale      shrink
ring_zfp_naive               9.222e-02    9.834e-02  1.655e-02      0  +9.733e-03
ring_zfp_online_coll         9.238e-02    9.865e-02  0.000e+00      0  +9.713e-03
rd_zfp_naive                 6.875e-02    7.421e-02  5.188e-02      0  +5.555e-03
rd_zfp_online_coll           8.357e-02    8.916e-02  0.000e+00      0  +7.437e-03

=== FORCED DEVICE SYNC AROUND ZFP | ws=16 rate=8.0 n=6553600 trials=30 ===
algorithm                 rel_err mean  rel_err max      xrank  stale      shrink
ring_zfp_naive               9.275e-02    9.606e-02  1.747e-02      0  +1.028e-02
ring_zfp_online_coll         9.295e-02    9.602e-02  0.000e+00      0  +1.031e-02
rd_zfp_naive                 6.911e-02    7.198e-02  4.727e-02      0  +7.546e-03
rd_zfp_online_coll           8.456e-02    8.685e-02  0.000e+00      0  +9.612e-03

=== FORCED DEVICE SYNC AROUND ZFP | ws=16 rate=8.0 n=1000003 trials=30 ===
algorithm                 rel_err mean  rel_err max      xrank  stale      shrink
ring_zfp_naive               9.222e-02    9.834e-02  1.655e-02      0  +9.733e-03
ring_zfp_online_coll         9.238e-02    9.865e-02  0.000e+00      0  +9.713e-03
rd_zfp_naive                 6.875e-02    7.421e-02  5.188e-02      0  +5.555e-03
rd_zfp_online_coll           8.357e-02    8.916e-02  0.000e+00      0  +7.437e-03

=== Finished diagnostic: ranks=16, zfp_rate=8, status=0 at Fri Sep 25 01:45:24 AM UTC 2026 ===
=== Starting diagnostic: ranks=16, ppn=4, zfp_rate=16, trials=30 at Fri Sep 25 01:45:24 AM UTC 2026 ===
[API] n=6553600 rate=16.0 max_bytes=13107224 expected_bits=104857600 (= 13107200 bytes)
[API] compress_into returned               13107200
[API] compress_into_current_stream returned 13107200  (expected 13107200 if BYTES)
[API] both APIs produced identical payload: True

=== AS IS | ws=16 rate=16.0 n=6553600 trials=30 ===
algorithm                 rel_err mean  rel_err max      xrank  stale      shrink
ring_zfp_naive               1.068e-03    1.122e-03  1.263e-04      0  +1.597e-04
ring_zfp_online_coll         1.075e-03    1.133e-03  0.000e+00      0  +1.601e-04
rd_zfp_naive                 3.736e-04    4.451e-04  4.825e-04      0  +4.395e-05
rd_zfp_online_coll           5.793e-04    6.020e-04  0.000e+00      0  +8.287e-05

=== AS IS | ws=16 rate=16.0 n=1000003 trials=30 ===
algorithm                 rel_err mean  rel_err max      xrank  stale      shrink
ring_zfp_naive               1.056e-03    1.160e-03  1.392e-04      0  +1.539e-04
ring_zfp_online_coll         1.059e-03    1.193e-03  0.000e+00      0  +1.494e-04
rd_zfp_naive                 3.681e-04    4.578e-04  4.919e-04      0  +3.864e-05
rd_zfp_online_coll           5.644e-04    6.120e-04  0.000e+00      0  +7.121e-05

=== FORCED DEVICE SYNC AROUND ZFP | ws=16 rate=16.0 n=6553600 trials=30 ===
algorithm                 rel_err mean  rel_err max      xrank  stale      shrink
ring_zfp_naive               1.068e-03    1.122e-03  1.263e-04      0  +1.597e-04
ring_zfp_online_coll         1.075e-03    1.133e-03  0.000e+00      0  +1.601e-04
rd_zfp_naive                 3.736e-04    4.451e-04  4.825e-04      0  +4.395e-05
rd_zfp_online_coll           5.793e-04    6.020e-04  0.000e+00      0  +8.287e-05

=== FORCED DEVICE SYNC AROUND ZFP | ws=16 rate=16.0 n=1000003 trials=30 ===
algorithm                 rel_err mean  rel_err max      xrank  stale      shrink
ring_zfp_naive               1.056e-03    1.160e-03  1.392e-04      0  +1.539e-04
ring_zfp_online_coll         1.059e-03    1.193e-03  0.000e+00      0  +1.494e-04
rd_zfp_naive                 3.681e-04    4.578e-04  4.919e-04      0  +3.864e-05
rd_zfp_online_coll           5.644e-04    6.120e-04  0.000e+00      0  +7.121e-05

=== Finished diagnostic: ranks=16, zfp_rate=16, status=0 at Fri Sep 25 01:45:36 AM UTC 2026 ===
=== Job finished: Fri Sep 25 01:45:36 AM UTC 2026 (overall status=0) ===
